// Jest Snapshot v1, https://goo.gl/fbAQLP

exports[`<ProductDescription /> should match its snapshot 1`] = `
<div
  className="background"
>
  <div
    className="container"
  >
    <h1
      className="titlebig"
      id="test"
    >
      Nike Sports Suit
    </h1>
    <section
      className="section"
    >
      <div
        className="preview"
      />
      <div
        className="details"
      >
        <div
          className="info"
        >
          <h1
            className="title"
          >
            Nike Sports Suit
          </h1>
          <h3
            className="subtitle"
          >
            Lorem Ipsum is simply dummy text
          </h3>
          <p
            className="text"
          >
            Lorem Ipsum is simply dummy text of the printing and typesetting industry Lorem Ipsum is simply dummy text of the printing and typesetting industry. Lorem Ipsum is simply dummy text of the printing and typesetting industry Lorem Ipsum is simply dummy text of the printing and typesetting industry.Lorem Ipsum is simply dummy text of the printing and typesetting industry Lorem Ipsum is simply dummy text of the printing and typesetting industry
          </p>
        </div>
        <div
          className="select"
        >
          <div
            className="flex_row"
          >
            <p
              className="choose"
            >
              Available sizes
            </p>
            <div
              className="sizes"
            >
              <div
                className="scrollBoxSize"
              >
                <span
                  className="size"
                >
                  s
                </span>
                <span>
                  -
                </span>
                <span
                  className="size"
                >
                  m
                </span>
                <span>
                  -
                </span>
                <span
                  className="size"
                >
                  l
                </span>
                <span>
                  -
                </span>
                <span
                  className="size"
                >
                  xl
                </span>
              </div>
            </div>
          </div>
          <div
            className="flex_row"
          >
            <p
              className="choose"
            >
              Available colors
            </p>
            <div
              className="colors"
            >
              <div
                className="scrollBoxColor"
              >
                <span
                  className="color"
                  key="#171717"
                  style={
                    Object {
                      "backgroundColor": "#171717",
                    }
                  }
                >
                  #171717
                </span>
              </div>
            </div>
          </div>
          <div
            className="flex_row"
          >
            <p
              className="choose"
            >
              Available quantity
            </p>
            <div
              className="quantity"
            >
              <span>
                12
              </span>
            </div>
          </div>
        </div>
        <div
          className="order"
        >
          <p
            className="price"
          >
            Price: 800$
          </p>
          <div
            className="buttons_row"
          >
            <button
              className="iconButton"
              type="button"
            >
              <i
                className="fas fa-globe"
              />
            </button>
            <Connect(Notify)
              position="TopRight"
            />
            <div
              className="iconButton"
            >
              <i
                className="fas fa-cart-plus"
              />
            </div>
            <Flags
              authorizedFlags={
                Array [
                  "showWishlist",
                ]
              }
              exactFlags={false}
              renderOff={[Function]}
              renderOn={[Function]}
            >
              <button
                className="iconButton"
                data-type="wishlist-btn"
                onClick={[Function]}
                title="Add to wish-list"
                type="button"
              >
                <i
                  className="fas fa-heart"
                />
              </button>
            </Flags>
            <CartButton
              addToCart={[MockFunction]}
              createNotification={[MockFunction]}
              inCart={false}
              item={
                Object {
                  "_id": "5c486043e7179a544941a6b2",
                  "brand": "Nike",
                  "category": "male",
                  "colorUrls": Object {
                    "#171717": "https://res.cloudinary.com/so/image/upload/v1548246979/products/cba0707c66f3b196408f9bf6e92cc460--knt-nike.jpg",
                  },
                  "colors": Array [
                    "#171717",
                  ],
                  "price": 800,
                  "quantity": 12,
                  "sizes": Array [
                    "s",
                    "m",
                    "l",
                    "xl",
                  ],
                  "src": "https://res.cloudinary.com/so/image/upload/v1548246979/products/cba0707c66f3b196408f9bf6e92cc460--knt-nike.jpg",
                  "title": "Nike Sports Suit",
                }
              }
            />
          </div>
        </div>
      </div>
    </section>
  </div>
</div>
`;
