// Jest Snapshot v1, https://goo.gl/fbAQLP

exports[`<CheckoutForm /> should match its snapshot 1`] = `
<div
  className="container checkout-form"
>
  <form
    autoComplete="off"
    onSubmit={[Function]}
  >
    <label
      htmlFor="name"
      key="name"
    >
      Full Name
      <input
        id="name"
        onBlur={[Function]}
        onChange={[Function]}
        onFocus={[Function]}
        type="text"
      />
      <div
        className="tooltip"
        id="name-tooltip"
      >
        Full Name should be at least 6 characters long
      </div>
    </label>
    <label
      htmlFor="email"
      key="email"
    >
      Email
      <input
        id="email"
        onBlur={[Function]}
        onChange={[Function]}
        onFocus={[Function]}
        type="text"
      />
      <div
        className="tooltip"
        id="email-tooltip"
      >
        Please enter valid email
      </div>
    </label>
    <label
      htmlFor="address"
      key="address"
    >
      Address
      <input
        id="address"
        onBlur={[Function]}
        onChange={[Function]}
        onFocus={[Function]}
        type="text"
      />
      <div
        className="tooltip"
        id="address-tooltip"
      >
        Address should be at least 6 characters long
      </div>
    </label>
    <label
      htmlFor="phoneNumber"
      key="phoneNumber"
    >
      Phone Number
      <input
        id="phoneNumber"
        onBlur={[Function]}
        onChange={[Function]}
        onFocus={[Function]}
        type="text"
      />
      <div
        className="tooltip"
        id="phoneNumber-tooltip"
      >
        Phone number should match this pattern "+(380)*********"
      </div>
    </label>
    <button
      type="submit"
    >
      Proceed
    </button>
  </form>
</div>
`;
